.next/types/validator.ts(188,39): error TS2307: Cannot find module '../../app/alaune/[slug]/page.js' or its corresponding type declarations.
.next/types/validator.ts(197,39): error TS2307: Cannot find module '../../app/alaune/page.js' or its corresponding type declarations.
.next/types/validator.ts(206,39): error TS2307: Cannot find module '../../app/auth/signup/page.js' or its corresponding type declarations.
.next/types/validator.ts(215,39): error TS2307: Cannot find module '../../app/car/[brand]/[model]/[finition]/page.js' or its corresponding type declarations.
.next/types/validator.ts(224,39): error TS2307: Cannot find module '../../app/car/compare/page.js' or its corresponding type declarations.
.next/types/validator.ts(233,39): error TS2307: Cannot find module '../../app/car/diagnostic/page.js' or its corresponding type declarations.
.next/types/validator.ts(242,39): error TS2307: Cannot find module '../../app/car/page.js' or its corresponding type declarations.
.next/types/validator.ts(251,39): error TS2307: Cannot find module '../../app/page.js' or its corresponding type declarations.
.next/types/validator.ts(327,39): error TS2307: Cannot find module '../../app/car/layout.js' or its corresponding type declarations.
app/(main)/car/_components/CarGrid.tsx(5,10): error TS2305: Module '"@/types/car"' has no exported member 'Car'.
app/(main)/car/_components/CarListingClient.tsx(7,10): error TS2305: Module '"@/types/car"' has no exported member 'Car'.
app/(main)/car/_components/Comparator.tsx(4,10): error TS2305: Module '"@/types/car"' has no exported member 'Car'.
app/(main)/car/_components/PredictiveIntelligence.tsx(4,10): error TS2305: Module '"@/types/car"' has no exported member 'Car'.
app/(main)/car/_components/PromotionCars.tsx(6,10): error TS2305: Module '"@/types/car"' has no exported member 'Car'.
app/(main)/car/_components/VehicleCard.tsx(5,10): error TS2305: Module '"@/types/car"' has no exported member 'Car'.
app/admin/cars/[slug]/edit/page.tsx(11,10): error TS2305: Module '"@/types/car"' has no exported member 'Finition'.
app/admin/cars/[slug]/edit/page.tsx(11,27): error TS2305: Module '"@/types/car"' has no exported member 'CarModel'.
app/admin/cars/CarsAdmin.tsx(18,10): error TS2305: Module '"@/types/car"' has no exported member 'Finition'.
app/admin/cars/new/page.tsx(12,17): error TS2305: Module '"@/types/car"' has no exported member 'CarModel'.
app/admin/cars/new/page.tsx(12,27): error TS2305: Module '"@/types/car"' has no exported member 'Finition'.
store/useStore.ts(2,10): error TS2305: Module '"../types/car"' has no exported member 'Car'.
